// Jest Snapshot v1, https://goo.gl/fbAQLP

exports[`matches snapshot 1`] = `
<DocumentFragment>
  <div
    class="box"
    style="width: 150px; height: 200px;"
  >
    <button
      class="close-btn"
    >
      X
    </button>
  </div>
</DocumentFragment>
`;
