// Jest Snapshot v1, https://goo.gl/fbAQLP

exports[`matches snapshot 1`] = `
<DocumentFragment>
  <div>
    <div
      class="box"
      style="background-color: lightblue; width: 200px; height: 100px;"
    >
      <button
        class="close-btn"
      >
        X
      </button>
    </div>
    <div
      class="box"
      style="background-color: lightgreen; width: 300px; height: 150px;"
    >
      <button
        class="close-btn"
      >
        X
      </button>
    </div>
    <div
      class="box"
      style="background-color: lightcoral; width: 250px; height: 120px;"
    >
      <button
        class="close-btn"
      >
        X
      </button>
    </div>
    <div
      class="box"
      style="background-color: lightgoldenrodyellow; width: 400px; height: 200px;"
    >
      <button
        class="close-btn"
      >
        X
      </button>
    </div>
    <div
      class="box"
      style="background-color: lightpink; width: 350px; height: 180px;"
    >
      <button
        class="close-btn"
      >
        X
      </button>
    </div>
    <div
      class="box"
      style="background-color: lightcyan; width: 150px; height: 80px;"
    >
      <button
        class="close-btn"
      >
        X
      </button>
    </div>
    <div
      class="box"
      style="background-color: lightgray; width: 500px; height: 250px;"
    >
      <button
        class="close-btn"
      >
        X
      </button>
    </div>
    <div
      class="box"
      style="background-color: lightseagreen; width: 600px; height: 300px;"
    >
      <button
        class="close-btn"
      >
        X
      </button>
    </div>
    <div
      class="box"
      style="background-color: lightsteelblue; width: 450px; height: 220px;"
    >
      <button
        class="close-btn"
      >
        X
      </button>
    </div>
    <div
      class="box"
      style="background-color: lightyellow; width: 280px; height: 140px;"
    >
      <button
        class="close-btn"
      >
        X
      </button>
    </div>
    <br />
    <form>
      <label
        for="name"
      >
        width:
      </label>
      <input
        id="width"
        name="width"
        value=""
      />
      <label
        for="height"
      >
        height:
      </label>
      <input
        id="height"
        name="height"
        value=""
      />
      <label
        for="backgroundColor"
      >
        background color:
      </label>
      <input
        id="backgroundColor"
        name="backgroundColor"
        value=""
      />
      <button>
        Add a new Box!
      </button>
    </form>
  </div>
</DocumentFragment>
`;
